// Jest Snapshot v1, https://goo.gl/fbAQLP

exports[`>>> ProductChoice Component --- Snapshot +++ product choice page 1`] = `
<div
  className="productChoice routeContainer"
>
  <h3>
    Select Your Insurance Product.
  </h3>
  <div
    className="selectionCards"
  >
    <Connect(ProductChoiceItem)
      description="Owners of construction projects should have their own liability coverage. The Owner's Interest policy closes the gaps in the owner's liability insurance program and assure more adequate protection."
      name="Owner's Interest"
      type="oi"
    />
    <Connect(ProductChoiceItem)
      description="The Owners and Contractors Protective policy responds to liability arising out of the insured's own acts or omissions in connection with its general supervision of the contractor's operations."
      name="Owners and Contractors Protective"
      type="ocp"
    />
  </div>
  <LinkContainer
    action="push"
    onlyActiveOnIndex={false}
    to="/submissions"
  >
    <Button
      active={false}
      block={false}
      bsClass="btn"
      bsStyle="default"
      className="btn"
      disabled={false}
    >
      Return to Submissions
    </Button>
  </LinkContainer>
</div>
`;
